// Jest Snapshot v1, https://goo.gl/fbAQLP

exports[`app/pages/NotFoundPage stories Sample matches markup snapshot 1`] = `
<DocumentFragment>
  <div
    class="text-center"
  >
    <header
      class="flex flex-col items-center justify-start p-4"
    >
      <h1>
        Sorry! That page was not found.
      </h1>
      <p>
        <a
          href="/"
        >
          Back to Home
        </a>
      </p>
    </header>
  </div>
</DocumentFragment>
`;
